// Jest Snapshot v1, https://goo.gl/fbAQLP

exports[`Speaker Add Component renders correctly 1`] = `
<a
  className="addSes"
  href="#"
>
  <i
    onClick={[Function]}
  >
    +
  </i>
</a>
`;
